exports[`Test Counter component renders correctly 1`] = `
<div>
  <p>
    0
  </p>
  <button
    onClick={[Function]}>
    -
  </button>
  <button
    onClick={[Function]}>
    +
  </button>
</div>
`;
