exports[`Test Root component renders correctly 1`] = `
<div>
  <h1>
    Hello World!
  </h1>
  <div>
    <p>
      0
    </p>
    <button
      onClick={[Function]}>
      -
    </button>
    <button
      onClick={[Function]}>
      +
    </button>
  </div>
</div>
`;
